================================================================================
QUICK START GUIDE - TEST LOGGING FEATURE
================================================================================

STATUS: âœ… TEST LOGGING ADDED
DATE: December 18, 2025
VERSION: test_field_terms.py v1.1.0 [56]

================================================================================
BEFORE YOU START
================================================================================

OLD FILE: test_field_terms_v1_0_0.py [53] â† DO NOT USE
NEW FILE: test_field_terms_v1_1_0.py [56] â† USE THIS ONE

The new version includes automatic test logging to tests/logs/

================================================================================
3 QUICK STEPS TO IMPLEMENT
================================================================================

STEP 1: Download New Test File
â”€â”€â”€â”€â”€â”€â”€â”€â”€â”€â”€â”€â”€â”€â”€â”€â”€â”€â”€â”€â”€â”€â”€â”€â”€â”€â”€â”€â”€â”€â”€â”€
Download: test_field_terms_v1_1_0.py [56]

STEP 2: Replace Old Test File
â”€â”€â”€â”€â”€â”€â”€â”€â”€â”€â”€â”€â”€â”€â”€â”€â”€â”€â”€â”€â”€â”€â”€â”€â”€â”€â”€â”€â”€â”€
$ cp test_field_terms_v1_1_0.py tests/test_field_terms.py

STEP 3: Run Tests (Same as Before)
â”€â”€â”€â”€â”€â”€â”€â”€â”€â”€â”€â”€â”€â”€â”€â”€â”€â”€â”€â”€â”€â”€â”€â”€â”€â”€â”€â”€â”€â”€â”€â”€â”€â”€â”€â”€
$ python tests/test_field_terms.py

NEW: Logs will be automatically saved to tests/logs/

================================================================================
WHAT GETS LOGGED
================================================================================

After running tests, check tests/logs/ for:

âœ… GROUP_1_FieldtermRecognition_[TIMESTAMP].log
âœ… GROUP_2_SinglelineScenarios_[TIMESTAMP].log
âœ… GROUP_3_MultilineScenarios_[TIMESTAMP].log
âœ… GROUP_4_QuoteVariations_[TIMESTAMP].log
âœ… GROUP_5_EdgeCases_[TIMESTAMP].log
âœ… TEST_SUMMARY_[TIMESTAMP].txt (human-readable)
âœ… TEST_SUMMARY_[TIMESTAMP].json (machine-readable)

================================================================================
HOW TO READ THE LOGS
================================================================================

VIEW SUMMARY (Quick):
$ cat tests/logs/TEST_SUMMARY_*.txt

Shows:
- Total tests run
- How many passed/failed
- Success rate
- Results by group

VIEW GROUP DETAILS (Detailed):
$ cat tests/logs/GROUP_1_*.log

Shows:
- Each test name
- Pass/fail status
- Expected vs actual values
- Timestamp
- Group success rate

VIEW JSON (For Automation):
$ cat tests/logs/TEST_SUMMARY_*.json

Shows:
- Structured data
- Parseable by scripts
- All metrics included
- ISO format timestamp

================================================================================
EXAMPLE LOG OUTPUT
================================================================================

SUMMARY (tests/logs/TEST_SUMMARY_20251218_181200.txt):

================================================================================
FIELD-TERM RECOGNITION TEST SUITE - FINAL SUMMARY
================================================================================

Timestamp: 2025-12-18T18:12:00.123456
Total Tests: 28
Passed: 28
Failed: 0
Success Rate: 100.0%

================================================================================
TEST GROUPS
================================================================================

Group 1: Field-term Recognition
  Passed: 11
  Failed: 0

Group 2: Single-line Scenarios
  Passed: 7
  Failed: 0

Group 3: Multi-line Scenarios
  Passed: 4
  Failed: 0

Group 4: Quote Variations
  Passed: 2
  Failed: 0

Group 5: Edge Cases
  Passed: 4
  Failed: 0

â”€â”€â”€â”€â”€â”€â”€â”€â”€â”€â”€â”€â”€â”€â”€â”€â”€â”€â”€â”€â”€â”€â”€â”€â”€â”€â”€â”€â”€â”€â”€â”€â”€â”€â”€â”€â”€â”€â”€â”€â”€â”€â”€â”€â”€â”€â”€â”€â”€â”€â”€â”€â”€â”€â”€â”€â”€â”€â”€â”€â”€â”€â”€â”€â”€â”€â”€â”€â”€â”€â”€â”€â”€â”€â”€â”€

DETAILED GROUP (tests/logs/GROUP_1_FieldtermRecognition_20251218_181200.log):

================================================================================
Group 1: Field-term Recognition
================================================================================

Timestamp: 2025-12-18T18:12:00.123456
Tests Passed: 11
Tests Failed: 0
Success Rate: 100.0%

â”€â”€â”€â”€â”€â”€â”€â”€â”€â”€â”€â”€â”€â”€â”€â”€â”€â”€â”€â”€â”€â”€â”€â”€â”€â”€â”€â”€â”€â”€â”€â”€â”€â”€â”€â”€â”€â”€â”€â”€â”€â”€â”€â”€â”€â”€â”€â”€â”€â”€â”€â”€â”€â”€â”€â”€â”€â”€â”€â”€â”€â”€â”€â”€â”€â”€â”€â”€â”€â”€â”€â”€â”€â”€â”€â”€
Test: Double-quoted field-term with MeSH code
Status: PASS
Time: 2025-12-18T18:12:00.234567

  result: Test passed successfully

â”€â”€â”€â”€â”€â”€â”€â”€â”€â”€â”€â”€â”€â”€â”€â”€â”€â”€â”€â”€â”€â”€â”€â”€â”€â”€â”€â”€â”€â”€â”€â”€â”€â”€â”€â”€â”€â”€â”€â”€â”€â”€â”€â”€â”€â”€â”€â”€â”€â”€â”€â”€â”€â”€â”€â”€â”€â”€â”€â”€â”€â”€â”€â”€â”€â”€â”€â”€â”€â”€â”€â”€â”€â”€â”€â”€
Test: Single-quoted field-term with TIAB code
Status: PASS
Time: 2025-12-18T18:12:00.345678

  result: Test passed successfully

[... more tests ...]

================================================================================
NEW CODE FEATURES
================================================================================

New Class: TestLogger
â”€â”€â”€â”€â”€â”€â”€â”€â”€â”€â”€â”€â”€â”€â”€â”€â”€â”€â”€â”€â”€

Handles all logging operations:
- Creates tests/logs/ directory
- Saves test results
- Generates summary files
- Supports timestamps

Key Methods:
â”œâ”€ ensure_log_dir() - Creates directory
â”œâ”€ log_test() - Records one test result
â”œâ”€ save_group_log() - Saves group results
â””â”€ save_summary_log() - Creates summary files

Usage:
logger = TestLogger()
logger.log_test("Group 1", "Test Name", "PASS", {...})
logger.save_group_log("Group 1", 1, 11, 0)
logger.save_summary_log(28, 0)

Updated Class: TestResults
â”€â”€â”€â”€â”€â”€â”€â”€â”€â”€â”€â”€â”€â”€â”€â”€â”€â”€â”€â”€â”€â”€â”€â”€â”€â”€

Now accepts optional logger parameter:

Before: results = TestResults()
After:  results = TestResults(logger=logger)

Benefits:
- All test results logged automatically
- Console output + file logging
- No extra code needed

================================================================================
FOR CI/CD AUTOMATION
================================================================================

JSON Export (For Scripts):
â”€â”€â”€â”€â”€â”€â”€â”€â”€â”€â”€â”€â”€â”€â”€â”€â”€â”€â”€â”€â”€â”€â”€â”€â”€â”€â”€â”€

$ python -c "
import json
with open('tests/logs/TEST_SUMMARY_*.json') as f:
    data = json.load(f)
    print(f'Tests: {data[\"total_tests\"]}')
    print(f'Failed: {data[\"total_failed\"]}')
    exit(1 if data['total_failed'] > 0 else 0)
"

GitHub Actions Example:
â”€â”€â”€â”€â”€â”€â”€â”€â”€â”€â”€â”€â”€â”€â”€â”€â”€â”€â”€â”€â”€â”€

name: Test
on: [push]
jobs:
  test:
    runs-on: ubuntu-latest
    steps:
      - run: python tests/test_field_terms.py
      - run: |
          python -c "
          import json, glob
          f = max(glob.glob('tests/logs/TEST_SUMMARY_*.json'))
          data = json.load(open(f))
          exit(1 if data['total_failed'] > 0 else 0)
          "

================================================================================
VERSIONING
================================================================================

Test File: v1.1.0
â”€â”€â”€â”€â”€â”€â”€â”€â”€â”€â”€â”€â”€â”€â”€â”€â”€

Changes from v1.0.0:
âœ… Added TestLogger class (~150 lines)
âœ… Updated TestResults with logging (~20 lines)
âœ… Added logging calls to all tests (~5 lines per group)
âœ… Added logging initialization (~5 lines)

Total New Code: ~200 lines
Backward Compatible: YES âœ…
Breaking Changes: NONE âœ…

Changelog:
v1.0.0 - Initial test suite (Dec 18, 2025)
v1.1.0 - Added detailed logging (Dec 18, 2025)

================================================================================
INSTALLATION QUICK CHECKLIST
================================================================================

Before Integration:
[ ] Downloaded test_field_terms_v1_1_0.py [56]
[ ] Verified it's v1.1.0 in header
[ ] On develop branch: git branch (shows * develop)

Integration:
[ ] Copied file: cp test_field_terms_v1_1_0.py tests/test_field_terms.py
[ ] Verified: ls -la tests/test_field_terms.py
[ ] Ran tests: python tests/test_field_terms.py
[ ] Checked logs: ls -la tests/logs/

Verification:
[ ] tests/logs/ directory created
[ ] GROUP_*.log files present
[ ] TEST_SUMMARY_*.txt present
[ ] TEST_SUMMARY_*.json present
[ ] All tests passed (âœ… ALL TESTS PASSED!)

Commit:
[ ] Staged: git add tests/test_field_terms.py
[ ] Committed: git commit -m "Feature: Update test suite with logging (v1.1.0)"
[ ] Verified: git log --oneline -1

================================================================================
TROUBLESHOOTING
================================================================================

Q: tests/logs/ directory not created
A: It's created automatically on first run. Check permissions.

Q: Log files not appearing
A: Make sure you ran: python tests/test_field_terms.py
   Check console output for "ğŸ“ Log saved:" messages

Q: Can't find TEST_SUMMARY_*.json
A: JSON file is created at the end. Check all tests completed.

Q: ImportError with json/datetime
A: Standard library modules. If missing, reinstall Python.

Q: Old v1.0.0 still being used
A: Make sure you copied v1.1.0 file over it:
   $ cp test_field_terms_v1_1_0.py tests/test_field_terms.py

Q: Logs directory has old files
A: That's normal. Each run creates new files with timestamp.
   Old logs remain for history.

================================================================================
FILE IDENTIFICATION
================================================================================

Wrong File âŒ
â”€â”€â”€â”€â”€â”€â”€â”€â”€â”€â”€â”€â”€
test_field_terms_v1_0_0.py [53]
â”œâ”€ VERSION: v1.0.0
â”œâ”€ NO logging feature
â””â”€ DO NOT USE

Correct File âœ…
â”€â”€â”€â”€â”€â”€â”€â”€â”€â”€â”€â”€â”€â”€â”€â”€
test_field_terms_v1_1_0.py [56]
â”œâ”€ VERSION: v1.1.0
â”œâ”€ Includes TestLogger class
â”œâ”€ Saves logs to tests/logs/
â””â”€ USE THIS ONE

How to Check:
$ head -20 tests/test_field_terms.py | grep VERSION
# Should show: VERSION: v1.1.0

================================================================================
COMPLETE FILE LIST - UPDATED
================================================================================

READY FOR DOWNLOAD:

[52] boolean_parser_v1_1_0.py
     â””â”€ Enhanced parser (no changes needed)

[54] PHASE_1B_IMPLEMENTATION_GUIDE.md
     â””â”€ Implementation guide (still valid, update Step 2 only)

[55] PHASE_1B_DELIVERY_SUMMARY.txt
     â””â”€ Original summary (reference only)

[56] test_field_terms_v1_1_0.py âœ… NEW VERSION
     â””â”€ Updated test suite with logging feature

[57] TEST_LOGGING_UPDATE.txt
     â””â”€ Detailed logging documentation

THIS FILE: TEST_LOGGING_QUICK_START.txt
â””â”€ Quick reference guide

================================================================================
ONE-COMMAND SETUP
================================================================================

# Download and setup in one command:
cp test_field_terms_v1_1_0.py tests/test_field_terms.py && \
python tests/test_field_terms.py && \
echo "âœ… Done! Check tests/logs/ for results"

# View summary:
cat tests/logs/TEST_SUMMARY_*.txt

# View JSON:
cat tests/logs/TEST_SUMMARY_*.json | python -m json.tool

================================================================================
SUPPORT RESOURCES
================================================================================

Documentation:
â”œâ”€ TEST_LOGGING_UPDATE.txt - Full logging documentation
â”œâ”€ PHASE_1B_IMPLEMENTATION_GUIDE.md - Implementation guide
â””â”€ This file - Quick start guide

Example Logs:
â”œâ”€ tests/logs/GROUP_1_*.log - Field-term recognition tests
â”œâ”€ tests/logs/GROUP_2_*.log - Single-line scenarios
â”œâ”€ tests/logs/GROUP_3_*.log - Multi-line scenarios
â”œâ”€ tests/logs/GROUP_4_*.log - Quote variations
â”œâ”€ tests/logs/GROUP_5_*.log - Edge cases
â””â”€ tests/logs/TEST_SUMMARY_*.txt - Overall summary

Code:
â”œâ”€ TestLogger class - In test_field_terms_v1_1_0.py
â”œâ”€ TestResults class - In test_field_terms_v1_1_0.py
â””â”€ All functions documented with docstrings

================================================================================
STATUS: READY TO USE
================================================================================

âœ… Test logging feature complete
âœ… All 5 test groups log results
âœ… Summary in TXT format (human-readable)
âœ… Summary in JSON format (machine-readable)
âœ… Meaningful filenames with timestamps
âœ… CI/CD integration ready
âœ… Documentation complete

Download [56] and integrate now!

================================================================================
END OF QUICK START
================================================================================

Date: December 18, 2025
Status: âœ… COMPLETE
Version: test_field_terms.py v1.1.0

